// Jest Snapshot v1, https://goo.gl/fbAQLP

exports[`Test on <HomePage /> component should render with no props 1`] = `
<section>
  <section>
    <nav
      className="topnav"
      id="home"
    >
      <a
        className="float-left"
        href="https://www.freewheel.com/"
        id="home"
        rel="noopener noreferrer"
        target="_blank"
      >
        <img
          alt="freewheel-logo"
          className="imgResize"
          src="https://www.freewheel.com/wp-content/themes/understrap-child/img/FREEWHEEL-KO.png"
        />
      </a>
      <button
        onClick={[Function]}
      >
        Hire a Bike
      </button>
      <button
        onClick={[Function]}
      >
        TFL Information
      </button>
    </nav>
  </section>
  <section>
    <section>
      <div
        className="container-fluid containerBackground"
      >
        <div
          className="row h-100"
        >
          <div
            className="col my-auto text-center"
          >
            <h1
              className="display-4"
            >
              TFL Information
            </h1>
          </div>
        </div>
      </div>
      <div
        className="row"
      >
        <div
          className="col-5 m-5 infoService"
        />
      </div>
    </section>
  </section>
</section>
`;
