// Jest Snapshot v1, https://goo.gl/fbAQLP

exports[`Test on <Navigation /> component should not render with no props 1`] = `null`;

exports[`Test on <Navigation /> component should render with min props 1`] = `
<section>
  <nav
    className="topnav"
    id="home"
  >
    <a
      className="float-left"
      href="https://www.freewheel.com/"
      id="home"
      rel="noopener noreferrer"
      target="_blank"
    >
      <img
        alt="freewheel-logo"
        className="imgResize"
        src="https://www.freewheel.com/wp-content/themes/understrap-child/img/FREEWHEEL-KO.png"
      />
    </a>
    <button
      onClick={[Function]}
    >
      Hire a Bike
    </button>
    <button
      onClick={[Function]}
    >
      TFL Information
    </button>
  </nav>
</section>
`;
